  console.log
    {"level":"info","timestamp":"2025-12-09T21:36:00.799Z","message":"[DB] Veritaban─▒ ba─şlant─▒s─▒ kuruluyor: C:\\Users\\bekir_n0411\\Desktop\\Yeni klas├Âr (6)\\Arsiv_Yonetim_Sistemi\\backend\\arsiv.db"}

      at log (C:\Users\bekir_n0411\Desktop\Yeni klas├Âr (6)../../../../../../Arsiv_Yonetim_Sistemi/backend/src/utils/logger.js:66:15)

  console.error
    {"level":"error","timestamp":"2025-12-09T21:36:00.835Z","message":"[DB] Veritaban─▒ ba─şlant─▒s─▒ kurulamad─▒:","meta":{"error":{"message":"Could not locate the bindings file. Tried:\n ÔåÆ C:\\Users\\bekir_n0411\\Desktop\\Yeni klas├Âr (6)\\Arsiv_Yonetim_Sistemi\\node_modules\\better-sqlite3\\lib\\build\\better_sqlite3.node\n ÔåÆ C:\\Users\\bekir_n0411\\Desktop\\Yeni klas├Âr (6)\\Arsiv_Yonetim_Sistemi\\node_modules\\better-sqlite3\\lib\\build\\Debug\\better_sqlite3.node\n ÔåÆ C:\\Users\\bekir_n0411\\Desktop\\Yeni klas├Âr (6)\\Arsiv_Yonetim_Sistemi\\node_modules\\better-sqlite3\\lib\\build\\Release\\better_sqlite3.node\n ÔåÆ C:\\Users\\bekir_n0411\\Desktop\\Yeni klas├Âr (6)\\Arsiv_Yonetim_Sistemi\\node_modules\\better-sqlite3\\lib\\out\\Debug\\better_sqlite3.node\n ÔåÆ C:\\Users\\bekir_n0411\\Desktop\\Yeni klas├Âr (6)\\Arsiv_Yonetim_Sistemi\\node_modules\\better-sqlite3\\lib\\Debug\\better_sqlite3.node\n ÔåÆ C:\\Users\\bekir_n0411\\Desktop\\Yeni klas├Âr (6)\\Arsiv_Yonetim_Sistemi\\node_modules\\better-sqlite3\\lib\\out\\Release\\better_sqlite3.node\n ÔåÆ C:\\Users\\bekir_n0411\\Desktop\\Yeni klas├Âr (6)\\Arsiv_Yonetim_Sistemi\\node_modules\\better-sqlite3\\lib\\Release\\better_sqlite3.node\n ÔåÆ C:\\Users\\bekir_n0411\\Desktop\\Yeni klas├Âr (6)\\Arsiv_Yonetim_Sistemi\\node_modules\\better-sqlite3\\lib\\build\\default\\better_sqlite3.node\n ÔåÆ C:\\Users\\bekir_n0411\\Desktop\\Yeni klas├Âr (6)\\Arsiv_Yonetim_Sistemi\\node_modules\\better-sqlite3\\lib\\compiled\\20.19.5\\win32\\x64\\better_sqlite3.node\n ÔåÆ C:\\Users\\bekir_n0411\\Desktop\\Yeni klas├Âr (6)\\Arsiv_Yonetim_Sistemi\\node_modules\\better-sqlite3\\lib\\addon-build\\release\\install-root\\better_sqlite3.node\n ÔåÆ C:\\Users\\bekir_n0411\\Desktop\\Yeni klas├Âr (6)\\Arsiv_Yonetim_Sistemi\\node_modules\\better-sqlite3\\lib\\addon-build\\debug\\install-root\\better_sqlite3.node\n ÔåÆ C:\\Users\\bekir_n0411\\Desktop\\Yeni klas├Âr (6)\\Arsiv_Yonetim_Sistemi\\node_modules\\better-sqlite3\\lib\\addon-build\\default\\install-root\\better_sqlite3.node\n ÔåÆ C:\\Users\\bekir_n0411\\Desktop\\Yeni klas├Âr (6)\\Arsiv_Yonetim_Sistemi\\node_modules\\better-sqlite3\\lib\\lib\\binding\\node-v115-win32-x64\\better_sqlite3.node","stack":"Error: Could not locate the bindings file. Tried:\n ÔåÆ C:\\Users\\bekir_n0411\\Desktop\\Yeni klas├Âr (6)\\Arsiv_Yonetim_Sistemi\\node_modules\\better-sqlite3\\lib\\build\\better_sqlite3.node\n ÔåÆ C:\\Users\\bekir_n0411\\Desktop\\Yeni klas├Âr (6)\\Arsiv_Yonetim_Sistemi\\node_modules\\better-sqlite3\\lib\\build\\Debug\\better_sqlite3.node\n ÔåÆ C:\\Users\\bekir_n0411\\Desktop\\Yeni klas├Âr (6)\\Arsiv_Yonetim_Sistemi\\node_modules\\better-sqlite3\\lib\\build\\Release\\better_sqlite3.node\n ÔåÆ C:\\Users\\bekir_n0411\\Desktop\\Yeni klas├Âr (6)\\Arsiv_Yonetim_Sistemi\\node_modules\\better-sqlite3\\lib\\out\\Debug\\better_sqlite3.node\n ÔåÆ C:\\Users\\bekir_n0411\\Desktop\\Yeni klas├Âr (6)\\Arsiv_Yonetim_Sistemi\\node_modules\\better-sqlite3\\lib\\Debug\\better_sqlite3.node\n ÔåÆ C:\\Users\\bekir_n0411\\Desktop\\Yeni klas├Âr (6)\\Arsiv_Yonetim_Sistemi\\node_modules\\better-sqlite3\\lib\\out\\Release\\better_sqlite3.node\n ÔåÆ C:\\Users\\bekir_n0411\\Desktop\\Yeni klas├Âr (6)\\Arsiv_Yonetim_Sistemi\\node_modules\\better-sqlite3\\lib\\Release\\better_sqlite3.node\n ÔåÆ C:\\Users\\bekir_n0411\\Desktop\\Yeni klas├Âr (6)\\Arsiv_Yonetim_Sistemi\\node_modules\\better-sqlite3\\lib\\build\\default\\better_sqlite3.node\n ÔåÆ C:\\Users\\bekir_n0411\\Desktop\\Yeni klas├Âr (6)\\Arsiv_Yonetim_Sistemi\\node_modules\\better-sqlite3\\lib\\compiled\\20.19.5\\win32\\x64\\better_sqlite3.node\n ÔåÆ C:\\Users\\bekir_n0411\\Desktop\\Yeni klas├Âr (6)\\Arsiv_Yonetim_Sistemi\\node_modules\\better-sqlite3\\lib\\addon-build\\release\\install-root\\better_sqlite3.node\n ÔåÆ C:\\Users\\bekir_n0411\\Desktop\\Yeni klas├Âr (6)\\Arsiv_Yonetim_Sistemi\\node_modules\\better-sqlite3\\lib\\addon-build\\debug\\install-root\\better_sqlite3.node\n ÔåÆ C:\\Users\\bekir_n0411\\Desktop\\Yeni klas├Âr (6)\\Arsiv_Yonetim_Sistemi\\node_modules\\better-sqlite3\\lib\\addon-build\\default\\install-root\\better_sqlite3.node\n ÔåÆ C:\\Users\\bekir_n0411\\Desktop\\Yeni klas├Âr (6)\\Arsiv_Yonetim_Sistemi\\node_modules\\better-sqlite3\\lib\\lib\\binding\\node-v115-win32-x64\\better_sqlite3.node\n    at bindings (C:\\Users\\bekir_n0411\\Desktop\\Yeni klas├Âr (6)\\Arsiv_Yonetim_Sistemi\\node_modules\\bindings\\bindings.js:126:9)\n    at new Database (C:\\Users\\bekir_n0411\\Desktop\\Yeni klas├Âr (6)\\Arsiv_Yonetim_Sistemi\\node_modules\\better-sqlite3\\lib\\database.js:48:64)\n    at getDbInstance (C:\\Users\\bekir_n0411\\Desktop\\Yeni klas├Âr (6)\\Arsiv_Yonetim_Sistemi\\backend\\src\\database\\connection.js:149:18)\n    at new BaseRepository (C:\\Users\\bekir_n0411\\Desktop\\Yeni klas├Âr (6)\\Arsiv_Yonetim_Sistemi\\backend\\src\\database\\repositories\\BaseRepository.js:13:15)\n    at new FolderRepository (C:\\Users\\bekir_n0411\\Desktop\\Yeni klas├Âr (6)\\Arsiv_Yonetim_Sistemi\\backend\\src\\database\\repositories\\FolderRepository.js:11:5)\n    at getRepositories (C:\\Users\\bekir_n0411\\Desktop\\Yeni klas├Âr (6)\\Arsiv_Yonetim_Sistemi\\backend\\src\\database\\repositories\\index.js:26:18)\n    at new ExcelSearchService (C:\\Users\\bekir_n0411\\Desktop\\Yeni klas├Âr (6)\\Arsiv_Yonetim_Sistemi\\backend\\src\\services\\ExcelSearchService.js:17:18)\n    at Object.<anonymous> (C:\\Users\\bekir_n0411\\Desktop\\Yeni klas├Âr (6)\\Arsiv_Yonetim_Sistemi\\backend\\tests\\services\\ExcelSearchService.test.js:35:15)\n    at Promise.then.completed (C:\\Users\\bekir_n0411\\Desktop\\Yeni klas├Âr (6)\\Arsiv_Yonetim_Sistemi\\node_modules\\jest-circus\\build\\utils.js:298:28)\n    at new Promise (<anonymous>)\n    at callAsyncCircusFn (C:\\Users\\bekir_n0411\\Desktop\\Yeni klas├Âr (6)\\Arsiv_Yonetim_Sistemi\\node_modules\\jest-circus\\build\\utils.js:231:10)\n    at _callCircusHook (C:\\Users\\bekir_n0411\\Desktop\\Yeni klas├Âr (6)\\Arsiv_Yonetim_Sistemi\\node_modules\\jest-circus\\build\\run.js:281:40)\n    at _runTest (C:\\Users\\bekir_n0411\\Desktop\\Yeni klas├Âr (6)\\Arsiv_Yonetim_Sistemi\\node_modules\\jest-circus\\build\\run.js:246:5)\n    at _runTestsForDescribeBlock (C:\\Users\\bekir_n0411\\Desktop\\Yeni klas├Âr (6)\\Arsiv_Yonetim_Sistemi\\node_modules\\jest-circus\\build\\run.js:126:9)\n    at _runTestsForDescribeBlock (C:\\Users\\bekir_n0411\\Desktop\\Yeni klas├Âr (6)\\Arsiv_Yonetim_Sistemi\\node_modules\\jest-circus\\build\\run.js:121:9)\n    at _runTestsForDescribeBlock (C:\\Users\\bekir_n0411\\Desktop\\Yeni klas├Âr (6)\\Arsiv_Yonetim_Sistemi\\node_modules\\jest-circus\\build\\run.js:121:9)\n    at run (C:\\Users\\bekir_n0411\\Desktop\\Yeni klas├Âr (6)\\Arsiv_Yonetim_Sistemi\\node_modules\\jest-circus\\build\\run.js:71:3)\n    at runAndTransformResultsToJestFormat (C:\\Users\\bekir_n0411\\Desktop\\Yeni klas├Âr (6)\\Arsiv_Yonetim_Sistemi\\node_modules\\jest-circus\\build\\legacy-code-todo-rewrite\\jestAdapterInit.js:122:21)\n    at jestAdapter (C:\\Users\\bekir_n0411\\Desktop\\Yeni klas├Âr (6)\\Arsiv_Yonetim_Sistemi\\node_modules\\jest-circus\\build\\legacy-code-todo-rewrite\\jestAdapter.js:79:19)\n    at runTestInternal (C:\\Users\\bekir_n0411\\Desktop\\Yeni klas├Âr (6)\\Arsiv_Yonetim_Sistemi\\node_modules\\jest-runner\\build\\runTest.js:367:16)\n    at runTest (C:\\Users\\bekir_n0411\\Desktop\\Yeni klas├Âr (6)\\Arsiv_Yonetim_Sistemi\\node_modules\\jest-runner\\build\\runTest.js:444:34)"}}}

    [0m [90m 56 |[39m   
     [90m 57 |[39m   [36mif[39m (level [33m===[39m [32m'error'[39m) {
    [31m[1m>[22m[39m[90m 58 |[39m     console[33m.[39merror(output)[33m;[39m
     [90m    |[39m             [31m[1m^[22m[39m
     [90m 59 |[39m   } [36melse[39m [36mif[39m (level [33m===[39m [32m'warn'[39m) {
     [90m 60 |[39m     console[33m.[39mwarn(output)[33m;[39m
     [90m 61 |[39m   } [36melse[39m {[0m

      at log (C:\Users\bekir_n0411\Desktop\Yeni klas├Âr (6)../../../../../../Arsiv_Yonetim_Sistemi/backend/src/utils/logger.js:58:13)
      at Object.error (C:\Users\bekir_n0411\Desktop\Yeni klas├Âr (6)../../../../../../Arsiv_Yonetim_Sistemi/backend/src/utils/logger.js:79:29)
      at getDbInstance (C:\Users\bekir_n0411\Desktop\Yeni klas├Âr (6)../../../../../../Arsiv_Yonetim_Sistemi/backend/src/database/connection.js:201:12)
      at new BaseRepository (C:\Users\bekir_n0411\Desktop\Yeni klas├Âr (6)../../../../../../Arsiv_Yonetim_Sistemi/backend/src/database/repositories/BaseRepository.js:13:15)
      at new FolderRepository (C:\Users\bekir_n0411\Desktop\Yeni klas├Âr (6)../../../../../../Arsiv_Yonetim_Sistemi/backend/src/database/repositories/FolderRepository.js:11:5)
      at getRepositories (C:\Users\bekir_n0411\Desktop\Yeni klas├Âr (6)../../../../../../Arsiv_Yonetim_Sistemi/backend/src/database/repositories/index.js:26:18)
      at new ExcelSearchService (C:\Users\bekir_n0411\Desktop\Yeni klas├Âr (6)../../../../../../Arsiv_Yonetim_Sistemi/backend/src/services/ExcelSearchService.js:17:18)
      at Object.<anonymous> (C:\Users\bekir_n0411\Desktop\Yeni klas├Âr (6)../../../../../../Arsiv_Yonetim_Sistemi/backend/tests/services/ExcelSearchService.test.js:35:15)

  console.log
    {"level":"info","timestamp":"2025-12-09T21:36:00.842Z","message":"[DB] Veritaban─▒ ba─şlant─▒s─▒ kuruluyor: C:\\Users\\bekir_n0411\\Desktop\\Yeni klas├Âr (6)\\Arsiv_Yonetim_Sistemi\\backend\\arsiv.db"}

      at log (C:\Users\bekir_n0411\Desktop\Yeni klas├Âr (6)../../../../../../Arsiv_Yonetim_Sistemi/backend/src/utils/logger.js:66:15)

  console.error
    {"level":"error","timestamp":"2025-12-09T21:36:00.845Z","message":"[DB] Veritaban─▒ ba─şlant─▒s─▒ kurulamad─▒:","meta":{"error":{"message":"Could not locate the bindings file. Tried:\n ÔåÆ C:\\Users\\bekir_n0411\\Desktop\\Yeni klas├Âr (6)\\Arsiv_Yonetim_Sistemi\\node_modules\\better-sqlite3\\lib\\build\\better_sqlite3.node\n ÔåÆ C:\\Users\\bekir_n0411\\Desktop\\Yeni klas├Âr (6)\\Arsiv_Yonetim_Sistemi\\node_modules\\better-sqlite3\\lib\\build\\Debug\\better_sqlite3.node\n ÔåÆ C:\\Users\\bekir_n0411\\Desktop\\Yeni klas├Âr (6)\\Arsiv_Yonetim_Sistemi\\node_modules\\better-sqlite3\\lib\\build\\Release\\better_sqlite3.node\n ÔåÆ C:\\Users\\bekir_n0411\\Desktop\\Yeni klas├Âr (6)\\Arsiv_Yonetim_Sistemi\\node_modules\\better-sqlite3\\lib\\out\\Debug\\better_sqlite3.node\n ÔåÆ C:\\Users\\bekir_n0411\\Desktop\\Yeni klas├Âr (6)\\Arsiv_Yonetim_Sistemi\\node_modules\\better-sqlite3\\lib\\Debug\\better_sqlite3.node\n ÔåÆ C:\\Users\\bekir_n0411\\Desktop\\Yeni klas├Âr (6)\\Arsiv_Yonetim_Sistemi\\node_modules\\better-sqlite3\\lib\\out\\Release\\better_sqlite3.node\n ÔåÆ C:\\Users\\bekir_n0411\\Desktop\\Yeni klas├Âr (6)\\Arsiv_Yonetim_Sistemi\\node_modules\\better-sqlite3\\lib\\Release\\better_sqlite3.node\n ÔåÆ C:\\Users\\bekir_n0411\\Desktop\\Yeni klas├Âr (6)\\Arsiv_Yonetim_Sistemi\\node_modules\\better-sqlite3\\lib\\build\\default\\better_sqlite3.node\n ÔåÆ C:\\Users\\bekir_n0411\\Desktop\\Yeni klas├Âr (6)\\Arsiv_Yonetim_Sistemi\\node_modules\\better-sqlite3\\lib\\compiled\\20.19.5\\win32\\x64\\better_sqlite3.node\n ÔåÆ C:\\Users\\bekir_n0411\\Desktop\\Yeni klas├Âr (6)\\Arsiv_Yonetim_Sistemi\\node_modules\\better-sqlite3\\lib\\addon-build\\release\\install-root\\better_sqlite3.node\n ÔåÆ C:\\Users\\bekir_n0411\\Desktop\\Yeni klas├Âr (6)\\Arsiv_Yonetim_Sistemi\\node_modules\\better-sqlite3\\lib\\addon-build\\debug\\install-root\\better_sqlite3.node\n ÔåÆ C:\\Users\\bekir_n0411\\Desktop\\Yeni klas├Âr (6)\\Arsiv_Yonetim_Sistemi\\node_modules\\better-sqlite3\\lib\\addon-build\\default\\install-root\\better_sqlite3.node\n ÔåÆ C:\\Users\\bekir_n0411\\Desktop\\Yeni klas├Âr (6)\\Arsiv_Yonetim_Sistemi\\node_modules\\better-sqlite3\\lib\\lib\\binding\\node-v115-win32-x64\\better_sqlite3.node","stack":"Error: Could not locate the bindings file. Tried:\n ÔåÆ C:\\Users\\bekir_n0411\\Desktop\\Yeni klas├Âr (6)\\Arsiv_Yonetim_Sistemi\\node_modules\\better-sqlite3\\lib\\build\\better_sqlite3.node\n ÔåÆ C:\\Users\\bekir_n0411\\Desktop\\Yeni klas├Âr (6)\\Arsiv_Yonetim_Sistemi\\node_modules\\better-sqlite3\\lib\\build\\Debug\\better_sqlite3.node\n ÔåÆ C:\\Users\\bekir_n0411\\Desktop\\Yeni klas├Âr (6)\\Arsiv_Yonetim_Sistemi\\node_modules\\better-sqlite3\\lib\\build\\Release\\better_sqlite3.node\n ÔåÆ C:\\Users\\bekir_n0411\\Desktop\\Yeni klas├Âr (6)\\Arsiv_Yonetim_Sistemi\\node_modules\\better-sqlite3\\lib\\out\\Debug\\better_sqlite3.node\n ÔåÆ C:\\Users\\bekir_n0411\\Desktop\\Yeni klas├Âr (6)\\Arsiv_Yonetim_Sistemi\\node_modules\\better-sqlite3\\lib\\Debug\\better_sqlite3.node\n ÔåÆ C:\\Users\\bekir_n0411\\Desktop\\Yeni klas├Âr (6)\\Arsiv_Yonetim_Sistemi\\node_modules\\better-sqlite3\\lib\\out\\Release\\better_sqlite3.node\n ÔåÆ C:\\Users\\bekir_n0411\\Desktop\\Yeni klas├Âr (6)\\Arsiv_Yonetim_Sistemi\\node_modules\\better-sqlite3\\lib\\Release\\better_sqlite3.node\n ÔåÆ C:\\Users\\bekir_n0411\\Desktop\\Yeni klas├Âr (6)\\Arsiv_Yonetim_Sistemi\\node_modules\\better-sqlite3\\lib\\build\\default\\better_sqlite3.node\n ÔåÆ C:\\Users\\bekir_n0411\\Desktop\\Yeni klas├Âr (6)\\Arsiv_Yonetim_Sistemi\\node_modules\\better-sqlite3\\lib\\compiled\\20.19.5\\win32\\x64\\better_sqlite3.node\n ÔåÆ C:\\Users\\bekir_n0411\\Desktop\\Yeni klas├Âr (6)\\Arsiv_Yonetim_Sistemi\\node_modules\\better-sqlite3\\lib\\addon-build\\release\\install-root\\better_sqlite3.node\n ÔåÆ C:\\Users\\bekir_n0411\\Desktop\\Yeni klas├Âr (6)\\Arsiv_Yonetim_Sistemi\\node_modules\\better-sqlite3\\lib\\addon-build\\debug\\install-root\\better_sqlite3.node\n ÔåÆ C:\\Users\\bekir_n0411\\Desktop\\Yeni klas├Âr (6)\\Arsiv_Yonetim_Sistemi\\node_modules\\better-sqlite3\\lib\\addon-build\\default\\install-root\\better_sqlite3.node\n ÔåÆ C:\\Users\\bekir_n0411\\Desktop\\Yeni klas├Âr (6)\\Arsiv_Yonetim_Sistemi\\node_modules\\better-sqlite3\\lib\\lib\\binding\\node-v115-win32-x64\\better_sqlite3.node\n    at bindings (C:\\Users\\bekir_n0411\\Desktop\\Yeni klas├Âr (6)\\Arsiv_Yonetim_Sistemi\\node_modules\\bindings\\bindings.js:126:9)\n    at new Database (C:\\Users\\bekir_n0411\\Desktop\\Yeni klas├Âr (6)\\Arsiv_Yonetim_Sistemi\\node_modules\\better-sqlite3\\lib\\database.js:48:64)\n    at getDbInstance (C:\\Users\\bekir_n0411\\Desktop\\Yeni klas├Âr (6)\\Arsiv_Yonetim_Sistemi\\backend\\src\\database\\connection.js:149:18)\n    at new BaseRepository (C:\\Users\\bekir_n0411\\Desktop\\Yeni klas├Âr (6)\\Arsiv_Yonetim_Sistemi\\backend\\src\\database\\repositories\\BaseRepository.js:13:15)\n    at new FolderRepository (C:\\Users\\bekir_n0411\\Desktop\\Yeni klas├Âr (6)\\Arsiv_Yonetim_Sistemi\\backend\\src\\database\\repositories\\FolderRepository.js:11:5)\n    at getRepositories (C:\\Users\\bekir_n0411\\Desktop\\Yeni klas├Âr (6)\\Arsiv_Yonetim_Sistemi\\backend\\src\\database\\repositories\\index.js:26:18)\n    at new ExcelSearchService (C:\\Users\\bekir_n0411\\Desktop\\Yeni klas├Âr (6)\\Arsiv_Yonetim_Sistemi\\backend\\src\\services\\ExcelSearchService.js:17:18)\n    at Object.<anonymous> (C:\\Users\\bekir_n0411\\Desktop\\Yeni klas├Âr (6)\\Arsiv_Yonetim_Sistemi\\backend\\tests\\services\\ExcelSearchService.test.js:35:15)\n    at Promise.then.completed (C:\\Users\\bekir_n0411\\Desktop\\Yeni klas├Âr (6)\\Arsiv_Yonetim_Sistemi\\node_modules\\jest-circus\\build\\utils.js:298:28)\n    at new Promise (<anonymous>)\n    at callAsyncCircusFn (C:\\Users\\bekir_n0411\\Desktop\\Yeni klas├Âr (6)\\Arsiv_Yonetim_Sistemi\\node_modules\\jest-circus\\build\\utils.js:231:10)\n    at _callCircusHook (C:\\Users\\bekir_n0411\\Desktop\\Yeni klas├Âr (6)\\Arsiv_Yonetim_Sistemi\\node_modules\\jest-circus\\build\\run.js:281:40)\n    at _runTest (C:\\Users\\bekir_n0411\\Desktop\\Yeni klas├Âr (6)\\Arsiv_Yonetim_Sistemi\\node_modules\\jest-circus\\build\\run.js:246:5)\n    at _runTestsForDescribeBlock (C:\\Users\\bekir_n0411\\Desktop\\Yeni klas├Âr (6)\\Arsiv_Yonetim_Sistemi\\node_modules\\jest-circus\\build\\run.js:126:9)\n    at _runTestsForDescribeBlock (C:\\Users\\bekir_n0411\\Desktop\\Yeni klas├Âr (6)\\Arsiv_Yonetim_Sistemi\\node_modules\\jest-circus\\build\\run.js:121:9)\n    at _runTestsForDescribeBlock (C:\\Users\\bekir_n0411\\Desktop\\Yeni klas├Âr (6)\\Arsiv_Yonetim_Sistemi\\node_modules\\jest-circus\\build\\run.js:121:9)\n    at run (C:\\Users\\bekir_n0411\\Desktop\\Yeni klas├Âr (6)\\Arsiv_Yonetim_Sistemi\\node_modules\\jest-circus\\build\\run.js:71:3)\n    at runAndTransformResultsToJestFormat (C:\\Users\\bekir_n0411\\Desktop\\Yeni klas├Âr (6)\\Arsiv_Yonetim_Sistemi\\node_modules\\jest-circus\\build\\legacy-code-todo-rewrite\\jestAdapterInit.js:122:21)\n    at jestAdapter (C:\\Users\\bekir_n0411\\Desktop\\Yeni klas├Âr (6)\\Arsiv_Yonetim_Sistemi\\node_modules\\jest-circus\\build\\legacy-code-todo-rewrite\\jestAdapter.js:79:19)\n    at runTestInternal (C:\\Users\\bekir_n0411\\Desktop\\Yeni klas├Âr (6)\\Arsiv_Yonetim_Sistemi\\node_modules\\jest-runner\\build\\runTest.js:367:16)\n    at runTest (C:\\Users\\bekir_n0411\\Desktop\\Yeni klas├Âr (6)\\Arsiv_Yonetim_Sistemi\\node_modules\\jest-runner\\build\\runTest.js:444:34)"}}}

    [0m [90m 56 |[39m   
     [90m 57 |[39m   [36mif[39m (level [33m===[39m [32m'error'[39m) {
    [31m[1m>[22m[39m[90m 58 |[39m     console[33m.[39merror(output)[33m;[39m
     [90m    |[39m             [31m[1m^[22m[39m
     [90m 59 |[39m   } [36melse[39m [36mif[39m (level [33m===[39m [32m'warn'[39m) {
     [90m 60 |[39m     console[33m.[39mwarn(output)[33m;[39m
     [90m 61 |[39m   } [36melse[39m {[0m

      at log (C:\Users\bekir_n0411\Desktop\Yeni klas├Âr (6)../../../../../../Arsiv_Yonetim_Sistemi/backend/src/utils/logger.js:58:13)
      at Object.error (C:\Users\bekir_n0411\Desktop\Yeni klas├Âr (6)../../../../../../Arsiv_Yonetim_Sistemi/backend/src/utils/logger.js:79:29)
      at getDbInstance (C:\Users\bekir_n0411\Desktop\Yeni klas├Âr (6)../../../../../../Arsiv_Yonetim_Sistemi/backend/src/database/connection.js:201:12)
      at new BaseRepository (C:\Users\bekir_n0411\Desktop\Yeni klas├Âr (6)../../../../../../Arsiv_Yonetim_Sistemi/backend/src/database/repositories/BaseRepository.js:13:15)
      at new FolderRepository (C:\Users\bekir_n0411\Desktop\Yeni klas├Âr (6)../../../../../../Arsiv_Yonetim_Sistemi/backend/src/database/repositories/FolderRepository.js:11:5)
      at getRepositories (C:\Users\bekir_n0411\Desktop\Yeni klas├Âr (6)../../../../../../Arsiv_Yonetim_Sistemi/backend/src/database/repositories/index.js:26:18)
      at new ExcelSearchService (C:\Users\bekir_n0411\Desktop\Yeni klas├Âr (6)../../../../../../Arsiv_Yonetim_Sistemi/backend/src/services/ExcelSearchService.js:17:18)
      at Object.<anonymous> (C:\Users\bekir_n0411\Desktop\Yeni klas├Âr (6)../../../../../../Arsiv_Yonetim_Sistemi/backend/tests/services/ExcelSearchService.test.js:35:15)

npx : FAIL Backend backend/tests/services
/ExcelSearchService.test.js
At line:1 char:1
+ npx jest backend/tests/services/ExcelSe
archService.test.js > test_out ...
+ ~~~~~~~~~~~~~~~~~~~~~~~~~~~~~~~~~~~~~~~
~~~~~~~~~~~~~~~~~~~~~~~~~~~~~~
    + CategoryInfo          : NotSpecifi 
   ed: (FAIL Backend ba...Service.test.  
  js:String) [], RemoteException
    + FullyQualifiedErrorId : NativeComm 
   andError
 
  ExcelSearchService
    searchAndMatch
      ├ù should match excel results with 
folders correctly (44 ms)
      ├ù should return empty array if no 
excel results found (6 ms)

  ÔùÅ ExcelSearchService ÔÇ║ searchAndMat
ch ÔÇ║ should match excel results with fo
lders correctly

    Could not locate the bindings file. T
ried:
     ÔåÆ C:\Users\bekir_n0411\Desktop\Yen
i klas├Âr (6)\Arsiv_Yonetim_Sistemi\node_
modules\better-sqlite3\lib\build\better_s
qlite3.node
     ÔåÆ C:\Users\bekir_n0411\Desktop\Yen
i klas├Âr (6)\Arsiv_Yonetim_Sistemi\node_
modules\better-sqlite3\lib\build\Debug\be
tter_sqlite3.node
     ÔåÆ C:\Users\bekir_n0411\Desktop\Yen
i klas├Âr (6)\Arsiv_Yonetim_Sistemi\node_
modules\better-sqlite3\lib\build\Release\
better_sqlite3.node
     ÔåÆ C:\Users\bekir_n0411\Desktop\Yen
i klas├Âr (6)\Arsiv_Yonetim_Sistemi\node_
modules\better-sqlite3\lib\out\Debug\bett
er_sqlite3.node
     ÔåÆ C:\Users\bekir_n0411\Desktop\Yen
i klas├Âr (6)\Arsiv_Yonetim_Sistemi\node_
modules\better-sqlite3\lib\Debug\better_s
qlite3.node
     ÔåÆ C:\Users\bekir_n0411\Desktop\Yen
i klas├Âr (6)\Arsiv_Yonetim_Sistemi\node_
modules\better-sqlite3\lib\out\Release\be
tter_sqlite3.node
     ÔåÆ C:\Users\bekir_n0411\Desktop\Yen
i klas├Âr (6)\Arsiv_Yonetim_Sistemi\node_
modules\better-sqlite3\lib\Release\better
_sqlite3.node
     ÔåÆ C:\Users\bekir_n0411\Desktop\Yen
i klas├Âr (6)\Arsiv_Yonetim_Sistemi\node_
modules\better-sqlite3\lib\build\default\
better_sqlite3.node
     ÔåÆ C:\Users\bekir_n0411\Desktop\Yen
i klas├Âr (6)\Arsiv_Yonetim_Sistemi\node_
modules\better-sqlite3\lib\compiled\20.19
.5\win32\x64\better_sqlite3.node
     ÔåÆ C:\Users\bekir_n0411\Desktop\Yen
i klas├Âr (6)\Arsiv_Yonetim_Sistemi\node_
modules\better-sqlite3\lib\addon-build\re
lease\install-root\better_sqlite3.node
     ÔåÆ C:\Users\bekir_n0411\Desktop\Yen
i klas├Âr (6)\Arsiv_Yonetim_Sistemi\node_
modules\better-sqlite3\lib\addon-build\de
bug\install-root\better_sqlite3.node
     ÔåÆ C:\Users\bekir_n0411\Desktop\Yen
i klas├Âr (6)\Arsiv_Yonetim_Sistemi\node_
modules\better-sqlite3\lib\addon-build\de
fault\install-root\better_sqlite3.node
     ÔåÆ C:\Users\bekir_n0411\Desktop\Yen
i klas├Âr (6)\Arsiv_Yonetim_Sistemi\node_
modules\better-sqlite3\lib\lib\binding\no
de-v115-win32-x64\better_sqlite3.node

    [0m [90m 147 |[39m   
     [90m 148 |[39m   [36mtry[39m {
    [31m[1m>[22m[39m[90m 149 |[39m 
    dbInstance [33m=[39m [36mnew[39m 
[33mDatabase[39m([33mDB_FILE[39m[33m
,[39m {
     [90m     |[39m                  [
31m[1m^[22m[39m
     [90m 150 |[39m       verbose[33m:
[39m process[33m.[39menv[33m.[39m[3
3mNODE_ENV[39m [33m!==[39m [32m'produ
ction'[39m [33m?[39m console[33m.[39
mlog [33m:[39m [36mnull[39m
     [90m 151 |[39m     })[33m;[39m
     [90m 152 |[39m     [0m

      at bindings (C:\Users\bekir_n0411\D
esktop\Yeni klas├Âr (6)../../../../../../
Arsiv_Yonetim_Sistemi/node_modules/bindin
gs/bindings.js:126:9)
      at new Database (C:\Users\bekir_n04
11\Desktop\Yeni klas├Âr (6)../../../../..
/../Arsiv_Yonetim_Sistemi/node_modules/be
tter-sqlite3/lib/database.js:48:64)
      at getDbInstance (C:\Users\bekir_n0
411\Desktop\Yeni klas├Âr (6)../../../../.
./../Arsiv_Yonetim_Sistemi/backend/src/da
tabase/connection.js:149:18)
      at new BaseRepository (C:\Users\bek
ir_n0411\Desktop\Yeni klas├Âr (6)../../..
/../../../Arsiv_Yonetim_Sistemi/backend/s
rc/database/repositories/BaseRepository.j
s:13:15)
      at new FolderRepository (C:\Users\b
ekir_n0411\Desktop\Yeni klas├Âr (6)../../
../../../../Arsiv_Yonetim_Sistemi/backend
/src/database/repositories/FolderReposito
ry.js:11:5)
      at getRepositories (C:\Users\bekir_
n0411\Desktop\Yeni klas├Âr (6)../../../..
/../../Arsiv_Yonetim_Sistemi/backend/src/
database/repositories/index.js:26:18)
      at new ExcelSearchService (C:\Users
\bekir_n0411\Desktop\Yeni klas├Âr (6)../.
./../../../../Arsiv_Yonetim_Sistemi/backe
nd/src/services/ExcelSearchService.js:17:
18)
      at Object.<anonymous> (C:\Users\bek
ir_n0411\Desktop\Yeni klas├Âr (6)../../..
/../../../Arsiv_Yonetim_Sistemi/backend/t
ests/services/ExcelSearchService.test.js:
35:15)

  ÔùÅ ExcelSearchService ÔÇ║ searchAndMat
ch ÔÇ║ should return empty array if no ex
cel results found

    Could not locate the bindings file. T
ried:
     ÔåÆ C:\Users\bekir_n0411\Desktop\Yen
i klas├Âr (6)\Arsiv_Yonetim_Sistemi\node_
modules\better-sqlite3\lib\build\better_s
qlite3.node
     ÔåÆ C:\Users\bekir_n0411\Desktop\Yen
i klas├Âr (6)\Arsiv_Yonetim_Sistemi\node_
modules\better-sqlite3\lib\build\Debug\be
tter_sqlite3.node
     ÔåÆ C:\Users\bekir_n0411\Desktop\Yen
i klas├Âr (6)\Arsiv_Yonetim_Sistemi\node_
modules\better-sqlite3\lib\build\Release\
better_sqlite3.node
     ÔåÆ C:\Users\bekir_n0411\Desktop\Yen
i klas├Âr (6)\Arsiv_Yonetim_Sistemi\node_
modules\better-sqlite3\lib\out\Debug\bett
er_sqlite3.node
     ÔåÆ C:\Users\bekir_n0411\Desktop\Yen
i klas├Âr (6)\Arsiv_Yonetim_Sistemi\node_
modules\better-sqlite3\lib\Debug\better_s
qlite3.node
     ÔåÆ C:\Users\bekir_n0411\Desktop\Yen
i klas├Âr (6)\Arsiv_Yonetim_Sistemi\node_
modules\better-sqlite3\lib\out\Release\be
tter_sqlite3.node
     ÔåÆ C:\Users\bekir_n0411\Desktop\Yen
i klas├Âr (6)\Arsiv_Yonetim_Sistemi\node_
modules\better-sqlite3\lib\Release\better
_sqlite3.node
     ÔåÆ C:\Users\bekir_n0411\Desktop\Yen
i klas├Âr (6)\Arsiv_Yonetim_Sistemi\node_
modules\better-sqlite3\lib\build\default\
better_sqlite3.node
     ÔåÆ C:\Users\bekir_n0411\Desktop\Yen
i klas├Âr (6)\Arsiv_Yonetim_Sistemi\node_
modules\better-sqlite3\lib\compiled\20.19
.5\win32\x64\better_sqlite3.node
     ÔåÆ C:\Users\bekir_n0411\Desktop\Yen
i klas├Âr (6)\Arsiv_Yonetim_Sistemi\node_
modules\better-sqlite3\lib\addon-build\re
lease\install-root\better_sqlite3.node
     ÔåÆ C:\Users\bekir_n0411\Desktop\Yen
i klas├Âr (6)\Arsiv_Yonetim_Sistemi\node_
modules\better-sqlite3\lib\addon-build\de
bug\install-root\better_sqlite3.node
     ÔåÆ C:\Users\bekir_n0411\Desktop\Yen
i klas├Âr (6)\Arsiv_Yonetim_Sistemi\node_
modules\better-sqlite3\lib\addon-build\de
fault\install-root\better_sqlite3.node
     ÔåÆ C:\Users\bekir_n0411\Desktop\Yen
i klas├Âr (6)\Arsiv_Yonetim_Sistemi\node_
modules\better-sqlite3\lib\lib\binding\no
de-v115-win32-x64\better_sqlite3.node

    [0m [90m 147 |[39m   
     [90m 148 |[39m   [36mtry[39m {
    [31m[1m>[22m[39m[90m 149 |[39m 
    dbInstance [33m=[39m [36mnew[39m 
[33mDatabase[39m([33mDB_FILE[39m[33m
,[39m {
     [90m     |[39m                  [
31m[1m^[22m[39m
     [90m 150 |[39m       verbose[33m:
[39m process[33m.[39menv[33m.[39m[3
3mNODE_ENV[39m [33m!==[39m [32m'produ
ction'[39m [33m?[39m console[33m.[39
mlog [33m:[39m [36mnull[39m
     [90m 151 |[39m     })[33m;[39m
     [90m 152 |[39m     [0m

      at bindings (C:\Users\bekir_n0411\D
esktop\Yeni klas├Âr (6)../../../../../../
Arsiv_Yonetim_Sistemi/node_modules/bindin
gs/bindings.js:126:9)
      at new Database (C:\Users\bekir_n04
11\Desktop\Yeni klas├Âr (6)../../../../..
/../Arsiv_Yonetim_Sistemi/node_modules/be
tter-sqlite3/lib/database.js:48:64)
      at getDbInstance (C:\Users\bekir_n0
411\Desktop\Yeni klas├Âr (6)../../../../.
./../Arsiv_Yonetim_Sistemi/backend/src/da
tabase/connection.js:149:18)
      at new BaseRepository (C:\Users\bek
ir_n0411\Desktop\Yeni klas├Âr (6)../../..
/../../../Arsiv_Yonetim_Sistemi/backend/s
rc/database/repositories/BaseRepository.j
s:13:15)
      at new FolderRepository (C:\Users\b
ekir_n0411\Desktop\Yeni klas├Âr (6)../../
../../../../Arsiv_Yonetim_Sistemi/backend
/src/database/repositories/FolderReposito
ry.js:11:5)
      at getRepositories (C:\Users\bekir_
n0411\Desktop\Yeni klas├Âr (6)../../../..
/../../Arsiv_Yonetim_Sistemi/backend/src/
database/repositories/index.js:26:18)
      at new ExcelSearchService (C:\Users
\bekir_n0411\Desktop\Yeni klas├Âr (6)../.
./../../../../Arsiv_Yonetim_Sistemi/backe
nd/src/services/ExcelSearchService.js:17:
18)
      at Object.<anonymous> (C:\Users\bek
ir_n0411\Desktop\Yeni klas├Âr (6)../../..
/../../../Arsiv_Yonetim_Sistemi/backend/t
ests/services/ExcelSearchService.test.js:
35:15)

Test Suites: 1 failed, 1 total
Tests:       2 failed, 2 total
Snapshots:   0 total
Time:        0.628 s, estimated 1 s
Ran all test suites matching /backend\\te
sts\\services\\ExcelSearchService.test.js
/i.
